// Jest Snapshot v1, https://goo.gl/fbAQLP

exports[`Given the component Pagination When it receives an object with limit, offset, setOffset and total Then it should render pagination component 1`] = `
<div
  className="pagination"
>
  <button
    disabled={true}
    onClick={[Function]}
  >
    &lt;&lt;
     Before
  </button>
  <p
    title="info-comics"
  >
    0
     - 
    20
     of 
    40
     comics
  </p>
  <button
    disabled={false}
    onClick={[Function]}
  >
    Next 
    &gt;&gt;
  </button>
</div>
`;
